
> @opentalk/opentalk@2.8.0-dev start C:\personal works\ideo-videotool\web-frontend\app
> vite


  [32m[1mVITE[22m v7.3.1[39m  [2mready in [0m[1m756[22m[2m[0m ms[22m

  [32m➜[39m  [1mLocal[22m:   [36mhttp://localhost:[1m3000[22m/[39m
[2m  [32m➜[39m  [1mNetwork[22m[2m: use [22m[1m--host[22m[2m to expose[22m
[2m[32m  ➜[39m[22m[2m  press [22m[1mh + enter[22m[2m to show help[22m
[2m6:46:20 PM[22m [36m[1m[vite][22m[39m [32mvite.config.ts changed, restarting server...[39m
[2m6:46:20 PM[22m [36m[1m[vite][22m[39m [90m[2m(client)[22m[39m Re-optimizing dependencies because vite config has changed
[2m6:46:20 PM[22m [36m[1m[vite][22m[39m server restarted.
[2m6:49:07 PM[22m [36m[1m[vite][22m[39m [90m[2m(client)[22m[39m [32mhmr update [39m[2m/src/pages/Dashboard/AdminRecordingsPage/AdminRecordingsPage.tsx[22m
[2m6:51:47 PM[22m [36m[1m[vite][22m[39m [90m[2m(client)[22m[39m [32mhmr update [39m[2m/src/config/routes.tsx[22m
[2m6:51:47 PM[22m [36m[1m[vite][22m[39m [90m[2m(client)[22m[39m [33mhmr invalidate [39m[2m/src/config/routes.tsx[22m Could not Fast Refresh ("default" export is incompatible). Learn more at https://github.com/vitejs/vite-plugin-react/tree/main/packages/plugin-react#consistent-components-exports
[2m6:51:47 PM[22m [36m[1m[vite][22m[39m [90m[2m(client)[22m[39m [32mhmr update [39m[2m/src/Routes.tsx[22m
[2m6:55:18 PM[22m [36m[1m[vite][22m[39m [90m[2m(client)[22m[39m [32mhmr update [39m[2m/src/pages/Dashboard/AdminRecordingsPage/AdminRecordingsPage.tsx[22m
[2m6:58:34 PM[22m [36m[1m[vite][22m[39m [90m[2m(client)[22m[39m [32mhmr update [39m[2m/src/pages/Dashboard/AdminRecordingsPage/AdminRecordingsPage.tsx[22m
[2m7:21:12 PM[22m [36m[1m[vite][22m[39m [90m[2m(client)[22m[39m [32mhmr update [39m[2m/src/pages/Dashboard/AdminRecordingsPage/AdminRecordingsPage.tsx[22m
[2m7:21:19 PM[22m [36m[1m[vite][22m[39m [90m[2m(client)[22m[39m [32mhmr update [39m[2m/src/pages/Dashboard/AdminRecordingsPage/AdminRecordingsPage.tsx[22m
[2m7:25:18 PM[22m [36m[1m[vite][22m[39m [32mvite.config.ts changed, restarting server...[39m
[2m7:25:26 PM[22m [36m[1m[vite][22m[39m [90m[2m(client)[22m[39m [32mhmr update [39m[2m/src/pages/Dashboard/AdminRecordingsPage/AdminRecordingsPage.tsx[22m
[2m7:25:31 PM[22m [36m[1m[vite][22m[39m [90m[2m(client)[22m[39m [32mhmr update [39m[2m/src/pages/Dashboard/AdminRecordingsPage/AdminRecordingsPage.tsx[22m
[2m7:25:42 PM[22m [36m[1m[vite][22m[39m [32mvite.config.ts changed, restarting server...[39m
[2m7:25:42 PM[22m [36m[1m[vite][22m[39m server restarted.
[2m7:25:50 PM[22m [36m[1m[vite][22m[39m [32mvite.config.ts changed, restarting server...[39m
[2m7:26:15 PM[22m [36m[1m[vite][22m[39m server restarted.
[2m7:33:00 PM[22m [36m[1m[vite][22m[39m [32mvite.config.ts changed, restarting server...[39m
[2m7:33:00 PM[22m [36m[1m[vite][22m[39m server restarted.
[2m7:33:35 PM[22m [36m[1m[vite][22m[39m [90m[2m(client)[22m[39m [32mhmr update [39m[2m/src/pages/Dashboard/AdminRecordingsPage/AdminRecordingsPage.tsx[22m
[2m8:48:44 PM[22m [36m[1m[vite][22m[39m [32mvite.config.ts changed, restarting server...[39m
[2m8:48:45 PM[22m [36m[1m[vite][22m[39m [90m[2m(client)[22m[39m Re-optimizing dependencies because lockfile has changed
[2m8:48:45 PM[22m [36m[1m[vite][22m[39m server restarted.
 ELIFECYCLE  Command failed with exit code 1.
