2026-04-03 17:30:20,370 INFO  [org.keycloak.quarkus.runtime.hostname.DefaultHostnameProvider] (main) Hostname settings: Base URL: <unset>, Hostname: <request>, Strict HTTPS: false, Path: <request>, Strict BackChannel: false, Admin URL: <unset>, Admin: <request>, Port: -1, Proxied: false
2026-04-03 17:30:22,817 WARN  [io.quarkus.agroal.runtime.DataSources] (JPA Startup Thread) Datasource <default> enables XA but transaction recovery is not enabled. Please enable transaction recovery by setting quarkus.transaction-manager.enable-recovery=true, otherwise data may be lost if the application is terminated abruptly
2026-04-03 17:30:24,177 WARN  [org.infinispan.CONFIG] (keycloak-cache-init) ISPN000569: Unable to persist Infinispan internal caches as no global state enabled
2026-04-03 17:30:24,473 INFO  [org.infinispan.CONTAINER] (keycloak-cache-init) ISPN000556: Starting user marshaller 'org.infinispan.jboss.marshalling.core.JBossUserMarshaller'
2026-04-03 17:30:26,337 INFO  [org.keycloak.broker.provider.AbstractIdentityProviderMapper] (main) Registering class org.keycloak.broker.provider.mappersync.ConfigSyncEventListener
2026-04-03 17:30:26,369 INFO  [org.keycloak.connections.infinispan.DefaultInfinispanConnectionProviderFactory] (main) Node name: node_856895, Site name: null
2026-04-03 17:30:27,933 INFO  [org.keycloak.exportimport.dir.DirImportProvider] (main) Importing from directory C:\personal works\ideo-videotool\controller\tools\keycloak-24.0.5\bin\..\data\import
2026-04-03 17:30:27,933 INFO  [org.keycloak.services] (main) KC-SERVICES0030: Full model import requested. Strategy: IGNORE_EXISTING
2026-04-03 17:30:28,431 INFO  [org.keycloak.exportimport.util.ImportUtils] (main) Realm 'OPENTALK' already exists. Import skipped
2026-04-03 17:30:28,442 INFO  [org.keycloak.services] (main) KC-SERVICES0032: Import finished successfully
2026-04-03 17:30:28,961 INFO  [io.quarkus] (main) Keycloak 24.0.5 on JVM (powered by Quarkus 3.8.4) started in 10.626s. Listening on: http://0.0.0.0:8080
2026-04-03 17:30:28,962 INFO  [io.quarkus] (main) Profile dev activated. 
2026-04-03 17:30:28,963 INFO  [io.quarkus] (main) Installed features: [agroal, cdi, hibernate-orm, jdbc-h2, keycloak, logging-gelf, narayana-jta, reactive-routes, resteasy-reactive, resteasy-reactive-jackson, smallrye-context-propagation, vertx]
2026-04-03 17:30:28,973 WARN  [org.keycloak.quarkus.runtime.KeycloakMain] (main) Running the server in development mode. DO NOT use this configuration in production.
2026-04-03 18:13:02,760 WARN  [org.keycloak.protocol.oidc.utils.OAuth2CodeParser] (executor-thread-13) Code 'eeb69b81-a023-459b-800d-6b0b77373973' already used for userSession 'c67d44bf-37a4-4a5d-86d5-4071dbea1764' and client '84cdec54-f077-4700-bcb8-5b8e550d60e7'.
2026-04-03 18:13:02,765 WARN  [org.keycloak.events] (executor-thread-13) type="CODE_TO_TOKEN_ERROR", realmId="d66a11b8-e438-4013-907b-f5081e026d42", clientId="Frontend", userId="null", sessionId="c67d44bf-37a4-4a5d-86d5-4071dbea1764", ipAddress="0:0:0:0:0:0:0:1", error="invalid_code", grant_type="authorization_code", code_id="c67d44bf-37a4-4a5d-86d5-4071dbea1764", client_auth_method="client-secret"
2026-04-03 18:13:04,264 WARN  [org.keycloak.events] (executor-thread-13) type="CODE_TO_TOKEN_ERROR", realmId="d66a11b8-e438-4013-907b-f5081e026d42", clientId="Frontend", userId="null", sessionId="c67d44bf-37a4-4a5d-86d5-4071dbea1764", ipAddress="0:0:0:0:0:0:0:1", error="user_session_not_found", grant_type="authorization_code", code_id="c67d44bf-37a4-4a5d-86d5-4071dbea1764", client_auth_method="client-secret"
2026-04-03 18:42:37,934 WARN  [org.keycloak.events] (executor-thread-18) type="INTROSPECT_TOKEN_ERROR", realmId="d66a11b8-e438-4013-907b-f5081e026d42", clientId="Controller", userId="null", ipAddress="0:0:0:0:0:0:0:1", error="token_introspection_failed", reason="Introspection access token for Frontend client: JWT check failed", client_auth_method="client-secret"
2026-04-03 18:42:37,947 WARN  [org.keycloak.events] (executor-thread-18) type="INTROSPECT_TOKEN_ERROR", realmId="d66a11b8-e438-4013-907b-f5081e026d42", clientId="Controller", userId="null", ipAddress="0:0:0:0:0:0:0:1", error="token_introspection_failed", reason="Introspection access token for Frontend client: JWT check failed", client_auth_method="client-secret"
2026-04-03 18:44:40,315 WARN  [org.keycloak.events] (executor-thread-19) type="INTROSPECT_TOKEN_ERROR", realmId="d66a11b8-e438-4013-907b-f5081e026d42", clientId="Controller", userId="null", ipAddress="0:0:0:0:0:0:0:1", error="token_introspection_failed", reason="Introspection access token for Frontend client: JWT check failed", client_auth_method="client-secret"
2026-04-03 18:44:40,317 WARN  [org.keycloak.events] (executor-thread-19) type="INTROSPECT_TOKEN_ERROR", realmId="d66a11b8-e438-4013-907b-f5081e026d42", clientId="Controller", userId="null", ipAddress="0:0:0:0:0:0:0:1", error="token_introspection_failed", reason="Introspection access token for Frontend client: JWT check failed", client_auth_method="client-secret"
2026-04-03 20:46:48,708 WARN  [org.hibernate.engine.jdbc.spi.SqlExceptionHelper] (Timer-0) SQL Error: 0, SQLState: null
2026-04-03 20:46:48,710 ERROR [org.hibernate.engine.jdbc.spi.SqlExceptionHelper] (Timer-0) Acquisition timeout while waiting for new connection
2026-04-03 20:46:48,758 ERROR [org.keycloak.services.scheduled.ScheduledTaskRunner] (Timer-0) Failed to run scheduled task ClearExpiredEvents: org.hibernate.exception.GenericJDBCException: Unable to acquire JDBC Connection [Acquisition timeout while waiting for new connection] [n/a]
	at org.hibernate.exception.internal.StandardSQLExceptionConverter.convert(StandardSQLExceptionConverter.java:63)
	at org.hibernate.engine.jdbc.spi.SqlExceptionHelper.convert(SqlExceptionHelper.java:108)
	at org.hibernate.engine.jdbc.spi.SqlExceptionHelper.convert(SqlExceptionHelper.java:94)
	at org.hibernate.resource.jdbc.internal.LogicalConnectionManagedImpl.acquireConnectionIfNeeded(LogicalConnectionManagedImpl.java:116)
	at org.hibernate.resource.jdbc.internal.LogicalConnectionManagedImpl.getPhysicalConnection(LogicalConnectionManagedImpl.java:143)
	at org.hibernate.engine.jdbc.internal.StatementPreparerImpl.connection(StatementPreparerImpl.java:54)
	at org.hibernate.engine.jdbc.internal.StatementPreparerImpl$5.doPrepare(StatementPreparerImpl.java:153)
	at org.hibernate.engine.jdbc.internal.StatementPreparerImpl$StatementPreparationTemplate.prepareStatement(StatementPreparerImpl.java:183)
	at org.hibernate.engine.jdbc.internal.StatementPreparerImpl.prepareQueryStatement(StatementPreparerImpl.java:155)
	at org.hibernate.sql.exec.spi.JdbcSelectExecutor.lambda$list$0(JdbcSelectExecutor.java:85)
	at org.hibernate.sql.results.jdbc.internal.DeferredResultSetAccess.executeQuery(DeferredResultSetAccess.java:231)
	at org.hibernate.sql.results.jdbc.internal.DeferredResultSetAccess.getResultSet(DeferredResultSetAccess.java:167)
	at org.hibernate.sql.results.jdbc.internal.JdbcValuesResultSetImpl.advanceNext(JdbcValuesResultSetImpl.java:218)
	at org.hibernate.sql.results.jdbc.internal.JdbcValuesResultSetImpl.processNext(JdbcValuesResultSetImpl.java:98)
	at org.hibernate.sql.results.jdbc.internal.AbstractJdbcValues.next(AbstractJdbcValues.java:19)
	at org.hibernate.sql.results.internal.RowProcessingStateStandardImpl.next(RowProcessingStateStandardImpl.java:66)
	at org.hibernate.sql.results.spi.ListResultsConsumer.consume(ListResultsConsumer.java:202)
	at org.hibernate.sql.results.spi.ListResultsConsumer.consume(ListResultsConsumer.java:33)
	at org.hibernate.sql.exec.internal.JdbcSelectExecutorStandardImpl.doExecuteQuery(JdbcSelectExecutorStandardImpl.java:209)
	at org.hibernate.sql.exec.internal.JdbcSelectExecutorStandardImpl.executeQuery(JdbcSelectExecutorStandardImpl.java:83)
	at org.hibernate.sql.exec.spi.JdbcSelectExecutor.list(JdbcSelectExecutor.java:76)
	at org.hibernate.sql.exec.spi.JdbcSelectExecutor.list(JdbcSelectExecutor.java:65)
	at org.hibernate.query.sqm.internal.ConcreteSqmSelectQueryPlan.lambda$new$2(ConcreteSqmSelectQueryPlan.java:137)
	at org.hibernate.query.sqm.internal.ConcreteSqmSelectQueryPlan.withCacheableSqmInterpretation(ConcreteSqmSelectQueryPlan.java:362)
	at org.hibernate.query.sqm.internal.ConcreteSqmSelectQueryPlan.performList(ConcreteSqmSelectQueryPlan.java:303)
	at org.hibernate.query.sqm.internal.QuerySqmImpl.doList(QuerySqmImpl.java:509)
	at org.hibernate.query.spi.AbstractSelectionQuery.list(AbstractSelectionQuery.java:427)
	at org.hibernate.query.Query.getResultList(Query.java:120)
	at org.keycloak.events.jpa.JpaEventStoreProvider.clearExpiredEvents(JpaEventStoreProvider.java:94)
	at org.keycloak.services.scheduled.ClearExpiredEvents.run(ClearExpiredEvents.java:39)
	at org.keycloak.services.scheduled.ClusterAwareScheduledTaskRunner$1.call(ClusterAwareScheduledTaskRunner.java:56)
	at org.keycloak.services.scheduled.ClusterAwareScheduledTaskRunner$1.call(ClusterAwareScheduledTaskRunner.java:52)
	at org.keycloak.cluster.infinispan.InfinispanClusterProvider.executeIfNotExecuted(InfinispanClusterProvider.java:78)
	at org.keycloak.services.scheduled.ClusterAwareScheduledTaskRunner.runTask(ClusterAwareScheduledTaskRunner.java:52)
	at org.keycloak.services.scheduled.ScheduledTaskRunner.lambda$run$0(ScheduledTaskRunner.java:59)
	at org.keycloak.models.utils.KeycloakModelUtils.lambda$runJobInTransaction$1(KeycloakModelUtils.java:257)
	at org.keycloak.models.utils.KeycloakModelUtils.runJobInTransactionWithResult(KeycloakModelUtils.java:379)
	at org.keycloak.models.utils.KeycloakModelUtils.runJobInTransaction(KeycloakModelUtils.java:256)
	at org.keycloak.services.scheduled.ScheduledTaskRunner.run(ScheduledTaskRunner.java:53)
	at org.keycloak.timer.basic.BasicTimerProvider$1.run(BasicTimerProvider.java:53)
	at java.base/java.util.TimerThread.mainLoop(Timer.java:566)
	at java.base/java.util.TimerThread.run(Timer.java:516)
Caused by: java.sql.SQLException: Acquisition timeout while waiting for new connection
	at io.agroal.pool.ConnectionPool.handlerFromSharedCache(ConnectionPool.java:326)
	at io.agroal.pool.ConnectionPool.getConnection(ConnectionPool.java:253)
	at io.agroal.pool.DataSource.getConnection(DataSource.java:86)
	at io.quarkus.hibernate.orm.runtime.customized.QuarkusConnectionProvider.getConnection(QuarkusConnectionProvider.java:23)
	at org.hibernate.internal.NonContextualJdbcConnectionAccess.obtainConnection(NonContextualJdbcConnectionAccess.java:46)
	at org.hibernate.resource.jdbc.internal.LogicalConnectionManagedImpl.acquireConnectionIfNeeded(LogicalConnectionManagedImpl.java:113)
	... 38 more
Caused by: java.util.concurrent.TimeoutException
	at java.base/java.util.concurrent.FutureTask.get(FutureTask.java:204)
	at io.agroal.pool.ConnectionPool.handlerFromSharedCache(ConnectionPool.java:303)
	... 43 more

2026-04-03 20:46:53,785 WARN  [org.hibernate.engine.jdbc.spi.SqlExceptionHelper] (Timer-0) SQL Error: 0, SQLState: null
2026-04-03 20:46:53,785 ERROR [org.hibernate.engine.jdbc.spi.SqlExceptionHelper] (Timer-0) Acquisition timeout while waiting for new connection
2026-04-03 20:46:53,786 ERROR [org.keycloak.services.scheduled.ScheduledTaskRunner] (Timer-0) Failed to run scheduled task ClearExpiredClientInitialAccessTokens: org.hibernate.exception.GenericJDBCException: Unable to acquire JDBC Connection [Acquisition timeout while waiting for new connection] [n/a]
	at org.hibernate.exception.internal.StandardSQLExceptionConverter.convert(StandardSQLExceptionConverter.java:63)
	at org.hibernate.engine.jdbc.spi.SqlExceptionHelper.convert(SqlExceptionHelper.java:108)
	at org.hibernate.engine.jdbc.spi.SqlExceptionHelper.convert(SqlExceptionHelper.java:94)
	at org.hibernate.resource.jdbc.internal.LogicalConnectionManagedImpl.acquireConnectionIfNeeded(LogicalConnectionManagedImpl.java:116)
	at org.hibernate.resource.jdbc.internal.LogicalConnectionManagedImpl.getPhysicalConnection(LogicalConnectionManagedImpl.java:143)
	at org.hibernate.engine.jdbc.internal.StatementPreparerImpl.connection(StatementPreparerImpl.java:54)
	at org.hibernate.engine.jdbc.internal.StatementPreparerImpl$1.doPrepare(StatementPreparerImpl.java:94)
	at org.hibernate.engine.jdbc.internal.StatementPreparerImpl$StatementPreparationTemplate.prepareStatement(StatementPreparerImpl.java:183)
	at org.hibernate.engine.jdbc.internal.StatementPreparerImpl.prepareStatement(StatementPreparerImpl.java:79)
	at org.hibernate.query.sqm.internal.SimpleDeleteQueryPlan.lambda$executeUpdate$2(SimpleDeleteQueryPlan.java:197)
	at org.hibernate.sql.exec.internal.StandardJdbcMutationExecutor.execute(StandardJdbcMutationExecutor.java:64)
	at org.hibernate.query.sqm.internal.SimpleDeleteQueryPlan.executeUpdate(SimpleDeleteQueryPlan.java:191)
	at org.hibernate.query.sqm.internal.QuerySqmImpl.doExecuteUpdate(QuerySqmImpl.java:705)
	at org.hibernate.query.sqm.internal.QuerySqmImpl.executeUpdate(QuerySqmImpl.java:675)
	at org.keycloak.models.jpa.JpaRealmProvider.removeExpiredClientInitialAccess(JpaRealmProvider.java:1167)
	at org.keycloak.models.cache.infinispan.RealmCacheSession.removeExpiredClientInitialAccess(RealmCacheSession.java:1483)
	at org.keycloak.services.scheduled.ClearExpiredClientInitialAccessTokens.run(ClearExpiredClientInitialAccessTokens.java:30)
	at org.keycloak.services.scheduled.ClusterAwareScheduledTaskRunner$1.call(ClusterAwareScheduledTaskRunner.java:56)
	at org.keycloak.services.scheduled.ClusterAwareScheduledTaskRunner$1.call(ClusterAwareScheduledTaskRunner.java:52)
	at org.keycloak.cluster.infinispan.InfinispanClusterProvider.executeIfNotExecuted(InfinispanClusterProvider.java:78)
	at org.keycloak.services.scheduled.ClusterAwareScheduledTaskRunner.runTask(ClusterAwareScheduledTaskRunner.java:52)
	at org.keycloak.services.scheduled.ScheduledTaskRunner.lambda$run$0(ScheduledTaskRunner.java:59)
	at org.keycloak.models.utils.KeycloakModelUtils.lambda$runJobInTransaction$1(KeycloakModelUtils.java:257)
	at org.keycloak.models.utils.KeycloakModelUtils.runJobInTransactionWithResult(KeycloakModelUtils.java:379)
	at org.keycloak.models.utils.KeycloakModelUtils.runJobInTransaction(KeycloakModelUtils.java:256)
	at org.keycloak.services.scheduled.ScheduledTaskRunner.run(ScheduledTaskRunner.java:53)
	at org.keycloak.timer.basic.BasicTimerProvider$1.run(BasicTimerProvider.java:53)
	at java.base/java.util.TimerThread.mainLoop(Timer.java:566)
	at java.base/java.util.TimerThread.run(Timer.java:516)
Caused by: java.sql.SQLException: Acquisition timeout while waiting for new connection
	at io.agroal.pool.ConnectionPool.handlerFromSharedCache(ConnectionPool.java:326)
	at io.agroal.pool.ConnectionPool.getConnection(ConnectionPool.java:253)
	at io.agroal.pool.DataSource.getConnection(DataSource.java:86)
	at io.quarkus.hibernate.orm.runtime.customized.QuarkusConnectionProvider.getConnection(QuarkusConnectionProvider.java:23)
	at org.hibernate.internal.NonContextualJdbcConnectionAccess.obtainConnection(NonContextualJdbcConnectionAccess.java:46)
	at org.hibernate.resource.jdbc.internal.LogicalConnectionManagedImpl.acquireConnectionIfNeeded(LogicalConnectionManagedImpl.java:113)
	... 25 more
Caused by: java.util.concurrent.TimeoutException
	at java.base/java.util.concurrent.FutureTask.get(FutureTask.java:204)
	at io.agroal.pool.ConnectionPool.handlerFromSharedCache(ConnectionPool.java:303)
	... 30 more

2026-04-03 20:46:58,803 WARN  [org.hibernate.engine.jdbc.spi.SqlExceptionHelper] (Timer-0) SQL Error: 0, SQLState: null
2026-04-03 20:46:58,803 ERROR [org.hibernate.engine.jdbc.spi.SqlExceptionHelper] (Timer-0) Acquisition timeout while waiting for new connection
2026-04-03 20:46:58,804 ERROR [org.keycloak.services.scheduled.ScheduledTaskRunner] (Timer-0) Failed to run scheduled task ClearExpiredUserSessions: org.hibernate.exception.GenericJDBCException: Unable to acquire JDBC Connection [Acquisition timeout while waiting for new connection] [n/a]
	at org.hibernate.exception.internal.StandardSQLExceptionConverter.convert(StandardSQLExceptionConverter.java:63)
	at org.hibernate.engine.jdbc.spi.SqlExceptionHelper.convert(SqlExceptionHelper.java:108)
	at org.hibernate.engine.jdbc.spi.SqlExceptionHelper.convert(SqlExceptionHelper.java:94)
	at org.hibernate.resource.jdbc.internal.LogicalConnectionManagedImpl.acquireConnectionIfNeeded(LogicalConnectionManagedImpl.java:116)
	at org.hibernate.resource.jdbc.internal.LogicalConnectionManagedImpl.getPhysicalConnection(LogicalConnectionManagedImpl.java:143)
	at org.hibernate.engine.jdbc.internal.StatementPreparerImpl.connection(StatementPreparerImpl.java:54)
	at org.hibernate.engine.jdbc.internal.StatementPreparerImpl$5.doPrepare(StatementPreparerImpl.java:153)
	at org.hibernate.engine.jdbc.internal.StatementPreparerImpl$StatementPreparationTemplate.prepareStatement(StatementPreparerImpl.java:183)
	at org.hibernate.engine.jdbc.internal.StatementPreparerImpl.prepareQueryStatement(StatementPreparerImpl.java:155)
	at org.hibernate.sql.exec.spi.JdbcSelectExecutor.lambda$scroll$1(JdbcSelectExecutor.java:102)
	at org.hibernate.sql.results.jdbc.internal.DeferredResultSetAccess.executeQuery(DeferredResultSetAccess.java:231)
	at org.hibernate.sql.results.jdbc.internal.DeferredResultSetAccess.getResultSet(DeferredResultSetAccess.java:167)
	at org.hibernate.sql.results.jdbc.internal.JdbcValuesResultSetImpl.advanceNext(JdbcValuesResultSetImpl.java:218)
	at org.hibernate.sql.results.jdbc.internal.JdbcValuesResultSetImpl.processNext(JdbcValuesResultSetImpl.java:98)
	at org.hibernate.sql.results.jdbc.internal.AbstractJdbcValues.next(AbstractJdbcValues.java:19)
	at org.hibernate.sql.results.internal.RowProcessingStateStandardImpl.next(RowProcessingStateStandardImpl.java:66)
	at org.hibernate.internal.ScrollableResultsImpl.next(ScrollableResultsImpl.java:51)
	at org.hibernate.query.internal.ScrollableResultsIterator.hasNext(ScrollableResultsIterator.java:33)
	at java.base/java.util.Iterator.forEachRemaining(Iterator.java:132)
	at java.base/java.util.Spliterators$IteratorSpliterator.forEachRemaining(Spliterators.java:1845)
	at java.base/java.util.stream.AbstractPipeline.copyInto(AbstractPipeline.java:509)
	at java.base/java.util.stream.AbstractPipeline.wrapAndCopyInto(AbstractPipeline.java:499)
	at java.base/java.util.stream.ForEachOps$ForEachOp.evaluateSequential(ForEachOps.java:150)
	at java.base/java.util.stream.ForEachOps$ForEachOp$OfRef.evaluateSequential(ForEachOps.java:173)
	at java.base/java.util.stream.AbstractPipeline.evaluate(AbstractPipeline.java:234)
	at java.base/java.util.stream.ReferencePipeline.forEach(ReferencePipeline.java:596)
	at org.keycloak.utils.ClosingStream.forEach(ClosingStream.java:128)
	at org.keycloak.models.sessions.infinispan.InfinispanUserSessionProvider.removeAllExpired(InfinispanUserSessionProvider.java:630)
	at org.keycloak.services.scheduled.ClearExpiredUserSessions.run(ClearExpiredUserSessions.java:39)
	at org.keycloak.services.scheduled.ClusterAwareScheduledTaskRunner$1.call(ClusterAwareScheduledTaskRunner.java:56)
	at org.keycloak.services.scheduled.ClusterAwareScheduledTaskRunner$1.call(ClusterAwareScheduledTaskRunner.java:52)
	at org.keycloak.cluster.infinispan.InfinispanClusterProvider.executeIfNotExecuted(InfinispanClusterProvider.java:78)
	at org.keycloak.services.scheduled.ClusterAwareScheduledTaskRunner.runTask(ClusterAwareScheduledTaskRunner.java:52)
	at org.keycloak.services.scheduled.ScheduledTaskRunner.lambda$run$0(ScheduledTaskRunner.java:59)
	at org.keycloak.models.utils.KeycloakModelUtils.lambda$runJobInTransaction$1(KeycloakModelUtils.java:257)
	at org.keycloak.models.utils.KeycloakModelUtils.runJobInTransactionWithResult(KeycloakModelUtils.java:379)
	at org.keycloak.models.utils.KeycloakModelUtils.runJobInTransaction(KeycloakModelUtils.java:256)
	at org.keycloak.services.scheduled.ScheduledTaskRunner.run(ScheduledTaskRunner.java:53)
	at org.keycloak.timer.basic.BasicTimerProvider$1.run(BasicTimerProvider.java:53)
	at java.base/java.util.TimerThread.mainLoop(Timer.java:566)
	at java.base/java.util.TimerThread.run(Timer.java:516)
Caused by: java.sql.SQLException: Acquisition timeout while waiting for new connection
	at io.agroal.pool.ConnectionPool.handlerFromSharedCache(ConnectionPool.java:326)
	at io.agroal.pool.ConnectionPool.getConnection(ConnectionPool.java:253)
	at io.agroal.pool.DataSource.getConnection(DataSource.java:86)
	at io.quarkus.hibernate.orm.runtime.customized.QuarkusConnectionProvider.getConnection(QuarkusConnectionProvider.java:23)
	at org.hibernate.internal.NonContextualJdbcConnectionAccess.obtainConnection(NonContextualJdbcConnectionAccess.java:46)
	at org.hibernate.resource.jdbc.internal.LogicalConnectionManagedImpl.acquireConnectionIfNeeded(LogicalConnectionManagedImpl.java:113)
	... 37 more
Caused by: java.util.concurrent.TimeoutException
	at java.base/java.util.concurrent.FutureTask.get(FutureTask.java:204)
	at io.agroal.pool.ConnectionPool.handlerFromSharedCache(ConnectionPool.java:303)
	... 42 more

2026-04-03 20:47:03,811 WARN  [org.hibernate.engine.jdbc.spi.SqlExceptionHelper] (Timer-0) SQL Error: 0, SQLState: null
2026-04-03 20:47:03,811 ERROR [org.hibernate.engine.jdbc.spi.SqlExceptionHelper] (Timer-0) Acquisition timeout while waiting for new connection
2026-04-03 20:47:03,812 ERROR [org.keycloak.services.scheduled.ScheduledTaskRunner] (Timer-0) Failed to run scheduled task ClearExpiredAdminEvents: org.hibernate.exception.GenericJDBCException: Unable to acquire JDBC Connection [Acquisition timeout while waiting for new connection] [n/a]
	at org.hibernate.exception.internal.StandardSQLExceptionConverter.convert(StandardSQLExceptionConverter.java:63)
	at org.hibernate.engine.jdbc.spi.SqlExceptionHelper.convert(SqlExceptionHelper.java:108)
	at org.hibernate.engine.jdbc.spi.SqlExceptionHelper.convert(SqlExceptionHelper.java:94)
	at org.hibernate.resource.jdbc.internal.LogicalConnectionManagedImpl.acquireConnectionIfNeeded(LogicalConnectionManagedImpl.java:116)
	at org.hibernate.resource.jdbc.internal.LogicalConnectionManagedImpl.getPhysicalConnection(LogicalConnectionManagedImpl.java:143)
	at org.hibernate.engine.jdbc.internal.StatementPreparerImpl.connection(StatementPreparerImpl.java:54)
	at org.hibernate.engine.jdbc.internal.StatementPreparerImpl$5.doPrepare(StatementPreparerImpl.java:153)
	at org.hibernate.engine.jdbc.internal.StatementPreparerImpl$StatementPreparationTemplate.prepareStatement(StatementPreparerImpl.java:183)
	at org.hibernate.engine.jdbc.internal.StatementPreparerImpl.prepareQueryStatement(StatementPreparerImpl.java:155)
	at org.hibernate.sql.exec.spi.JdbcSelectExecutor.lambda$scroll$1(JdbcSelectExecutor.java:102)
	at org.hibernate.sql.results.jdbc.internal.DeferredResultSetAccess.executeQuery(DeferredResultSetAccess.java:231)
	at org.hibernate.sql.results.jdbc.internal.DeferredResultSetAccess.getResultSet(DeferredResultSetAccess.java:167)
	at org.hibernate.sql.results.jdbc.internal.JdbcValuesResultSetImpl.advanceNext(JdbcValuesResultSetImpl.java:218)
	at org.hibernate.sql.results.jdbc.internal.JdbcValuesResultSetImpl.processNext(JdbcValuesResultSetImpl.java:98)
	at org.hibernate.sql.results.jdbc.internal.AbstractJdbcValues.next(AbstractJdbcValues.java:19)
	at org.hibernate.sql.results.internal.RowProcessingStateStandardImpl.next(RowProcessingStateStandardImpl.java:66)
	at org.hibernate.internal.ScrollableResultsImpl.next(ScrollableResultsImpl.java:51)
	at org.hibernate.query.internal.ScrollableResultsIterator.hasNext(ScrollableResultsIterator.java:33)
	at java.base/java.util.Iterator.forEachRemaining(Iterator.java:132)
	at java.base/java.util.Spliterators$IteratorSpliterator.forEachRemaining(Spliterators.java:1845)
	at java.base/java.util.stream.AbstractPipeline.copyInto(AbstractPipeline.java:509)
	at java.base/java.util.stream.AbstractPipeline.wrapAndCopyInto(AbstractPipeline.java:499)
	at java.base/java.util.stream.ReduceOps$ReduceOp.evaluateSequential(ReduceOps.java:921)
	at java.base/java.util.stream.AbstractPipeline.evaluate(AbstractPipeline.java:234)
	at java.base/java.util.stream.ReferencePipeline.collect(ReferencePipeline.java:682)
	at org.keycloak.events.jpa.JpaEventStoreProvider.clearExpiredAdminEvents(JpaEventStoreProvider.java:265)
	at org.keycloak.events.jpa.JpaEventStoreProviderFactory.invalidate(JpaEventStoreProviderFactory.java:63)
	at org.keycloak.services.DefaultKeycloakSessionFactory.lambda$invalidate$0(DefaultKeycloakSessionFactory.java:367)
	at java.base/java.util.stream.ForEachOps$ForEachOp$OfRef.accept(ForEachOps.java:183)
	at java.base/java.util.stream.ReferencePipeline$3$1.accept(ReferencePipeline.java:197)
	at java.base/java.util.stream.ReferencePipeline$2$1.accept(ReferencePipeline.java:179)
	at java.base/java.util.HashMap$ValueSpliterator.forEachRemaining(HashMap.java:1779)
	at java.base/java.util.stream.ReferencePipeline$Head.forEach(ReferencePipeline.java:762)
	at java.base/java.util.stream.ReferencePipeline$7$1.accept(ReferencePipeline.java:276)
	at java.base/java.util.stream.ReferencePipeline$3$1.accept(ReferencePipeline.java:197)
	at java.base/java.util.HashMap$ValueSpliterator.forEachRemaining(HashMap.java:1779)
	at java.base/java.util.stream.AbstractPipeline.copyInto(AbstractPipeline.java:509)
	at java.base/java.util.stream.AbstractPipeline.wrapAndCopyInto(AbstractPipeline.java:499)
	at java.base/java.util.stream.ForEachOps$ForEachOp.evaluateSequential(ForEachOps.java:150)
	at java.base/java.util.stream.ForEachOps$ForEachOp$OfRef.evaluateSequential(ForEachOps.java:173)
	at java.base/java.util.stream.AbstractPipeline.evaluate(AbstractPipeline.java:234)
	at java.base/java.util.stream.ReferencePipeline.forEach(ReferencePipeline.java:596)
	at org.keycloak.services.DefaultKeycloakSessionFactory.invalidate(DefaultKeycloakSessionFactory.java:367)
	at org.keycloak.services.DefaultKeycloakSession.invalidate(DefaultKeycloakSession.java:108)
	at org.keycloak.services.scheduled.ClearExpiredAdminEvents.run(ClearExpiredAdminEvents.java:33)
	at org.keycloak.services.scheduled.ClusterAwareScheduledTaskRunner$1.call(ClusterAwareScheduledTaskRunner.java:56)
	at org.keycloak.services.scheduled.ClusterAwareScheduledTaskRunner$1.call(ClusterAwareScheduledTaskRunner.java:52)
	at org.keycloak.cluster.infinispan.InfinispanClusterProvider.executeIfNotExecuted(InfinispanClusterProvider.java:78)
	at org.keycloak.services.scheduled.ClusterAwareScheduledTaskRunner.runTask(ClusterAwareScheduledTaskRunner.java:52)
	at org.keycloak.services.scheduled.ScheduledTaskRunner.lambda$run$0(ScheduledTaskRunner.java:59)
	at org.keycloak.models.utils.KeycloakModelUtils.lambda$runJobInTransaction$1(KeycloakModelUtils.java:257)
	at org.keycloak.models.utils.KeycloakModelUtils.runJobInTransactionWithResult(KeycloakModelUtils.java:379)
	at org.keycloak.models.utils.KeycloakModelUtils.runJobInTransaction(KeycloakModelUtils.java:256)
	at org.keycloak.services.scheduled.ScheduledTaskRunner.run(ScheduledTaskRunner.java:53)
	at org.keycloak.timer.basic.BasicTimerProvider$1.run(BasicTimerProvider.java:53)
	at java.base/java.util.TimerThread.mainLoop(Timer.java:566)
	at java.base/java.util.TimerThread.run(Timer.java:516)
Caused by: java.sql.SQLException: Acquisition timeout while waiting for new connection
	at io.agroal.pool.ConnectionPool.handlerFromSharedCache(ConnectionPool.java:326)
	at io.agroal.pool.ConnectionPool.getConnection(ConnectionPool.java:253)
	at io.agroal.pool.DataSource.getConnection(DataSource.java:86)
	at io.quarkus.hibernate.orm.runtime.customized.QuarkusConnectionProvider.getConnection(QuarkusConnectionProvider.java:23)
	at org.hibernate.internal.NonContextualJdbcConnectionAccess.obtainConnection(NonContextualJdbcConnectionAccess.java:46)
	at org.hibernate.resource.jdbc.internal.LogicalConnectionManagedImpl.acquireConnectionIfNeeded(LogicalConnectionManagedImpl.java:113)
	... 53 more
Caused by: java.util.concurrent.TimeoutException
	at java.base/java.util.concurrent.FutureTask.get(FutureTask.java:204)
	at io.agroal.pool.ConnectionPool.handlerFromSharedCache(ConnectionPool.java:303)
	... 58 more

2026-04-03 20:53:24,027 WARN  [org.keycloak.events] (executor-thread-40) type="INTROSPECT_TOKEN_ERROR", realmId="d66a11b8-e438-4013-907b-f5081e026d42", clientId="Controller", userId="null", ipAddress="0:0:0:0:0:0:0:1", error="token_introspection_failed", reason="Introspection access token for Frontend client: JWT check failed", client_auth_method="client-secret"
2026-04-03 20:53:24,028 WARN  [org.keycloak.events] (executor-thread-40) type="INTROSPECT_TOKEN_ERROR", realmId="d66a11b8-e438-4013-907b-f5081e026d42", clientId="Controller", userId="null", ipAddress="0:0:0:0:0:0:0:1", error="token_introspection_failed", reason="Introspection access token for Frontend client: JWT check failed", client_auth_method="client-secret"
2026-04-03 21:01:41,906 WARN  [org.keycloak.events] (executor-thread-40) type="INTROSPECT_TOKEN_ERROR", realmId="d66a11b8-e438-4013-907b-f5081e026d42", clientId="Controller", userId="null", ipAddress="0:0:0:0:0:0:0:1", error="token_introspection_failed", reason="Introspection access token for Frontend client: JWT check failed", client_auth_method="client-secret"
2026-04-03 21:01:41,908 WARN  [org.keycloak.events] (executor-thread-40) type="INTROSPECT_TOKEN_ERROR", realmId="d66a11b8-e438-4013-907b-f5081e026d42", clientId="Controller", userId="null", ipAddress="0:0:0:0:0:0:0:1", error="token_introspection_failed", reason="Introspection access token for Frontend client: JWT check failed", client_auth_method="client-secret"
2026-04-03 21:02:57,918 WARN  [org.keycloak.events] (executor-thread-41) type="REFRESH_TOKEN_ERROR", realmId="d66a11b8-e438-4013-907b-f5081e026d42", clientId="Frontend", userId="null", ipAddress="0:0:0:0:0:0:0:1", error="invalid_token", reason="Token is not active", grant_type="refresh_token", client_auth_method="client-secret"
2026-04-03 21:08:07,114 WARN  [org.keycloak.events] (executor-thread-46) type="LOGIN_ERROR", realmId="d66a11b8-e438-4013-907b-f5081e026d42", clientId="Frontend", userId="null", ipAddress="0:0:0:0:0:0:0:1", error="user_not_found", auth_method="openid-connect", auth_type="code", redirect_uri="http://localhost:3000/auth/callback", code_id="ba91d3ed-9a72-4c5c-88f3-1ff9d15518dc", username="a"
