    Blocking waiting for file lock on package cache
    Updating crates.io index
    Blocking waiting for file lock on package cache
    Blocking waiting for file lock on package cache
 Downloading crates ...
  Downloaded dtoa-short v0.3.5
  Downloaded clap_lex v1.0.0
  Downloaded type-map v0.5.1
  Downloaded slug v0.1.6
  Downloaded string_cache_codegen v0.6.1
  Downloaded unicode-linebreak v0.1.5
  Downloaded web_atoms v0.2.3
  Downloaded uuid v1.21.0
  Downloaded toml_edit v0.23.10+spec-1.0.0
  Downloaded rustls-webpki v0.103.9
  Downloaded tera v1.20.1
  Downloaded serde_with v3.17.0
  Downloaded winnow v0.7.14
  Downloaded quinn-proto v0.11.13
  Downloaded bstr v1.12.1
  Downloaded chrono-tz v0.10.0
  Downloaded chrono-tz v0.9.0
  Downloaded zerocopy v0.8.40
  Downloaded jiff v0.2.22
  Downloaded tokio-reactor-trait v4.1.1
  Downloaded tcp-stream v0.30.9
  Downloaded opentalk-types-common v0.42.2
  Downloaded css-inline v0.20.0
  Downloaded amq-protocol v8.3.1
  Downloaded amq-protocol-uri v8.3.1
  Downloaded amq-protocol-types v8.3.1
  Downloaded lapin v3.7.2
  Downloaded amq-protocol-tcp v8.3.1
  Downloaded reactor-trait v3.1.1
  Downloaded reactor-trait v2.8.0
  Downloaded libz-sys v1.1.24
  Downloaded libc v0.2.182
  Downloaded ics v0.5.8
  Downloaded chrono-tz-build v0.4.1
  Downloaded clap_builder v4.5.60
  Downloaded lettre v0.11.19
  Downloaded iri-string v0.7.10
  Downloaded hashbrown v0.14.5
  Downloaded deunicode v1.6.2
  Downloaded pest v2.8.6
  Downloaded parse-zoneinfo v0.3.1
  Downloaded html5ever v0.38.0
  Downloaded chumsky v0.9.3
  Downloaded cc v1.2.56
  Downloaded toml v0.9.12+spec-1.1.0
  Downloaded textwrap v0.16.2
  Downloaded snafu v0.9.0
  Downloaded self_cell v1.2.2
  Downloaded selectors v0.35.0
  Downloaded pest_meta v2.8.6
  Downloaded ipnet v2.11.0
  Downloaded ignore v0.4.25
  Downloaded getrandom v0.4.1
  Downloaded config v0.15.19
  Downloaded clap v4.5.60
  Downloaded ucd-trie v0.1.7
  Downloaded toml_parser v1.0.9+spec-1.1.0
  Downloaded tinyvec v1.10.0
  Downloaded ics-chrono-tz v0.4.0
  Downloaded tendril v0.5.0
  Downloaded socket2 v0.6.2
  Downloaded serde_with_macros v3.17.0
  Downloaded pest_generator v2.8.6
  Downloaded pest_derive v2.8.6
  Downloaded once_cell v1.21.3
  Downloaded fluent-templates v0.13.3
  Downloaded fluent-syntax v0.12.0
  Downloaded fluent-bundle v0.16.0
  Downloaded cssparser v0.36.0
  Downloaded clap_derive v4.5.55
  Downloaded toml_datetime v0.7.5+spec-1.1.0
  Downloaded string_cache v0.9.0
  Downloaded quote v1.0.44
  Downloaded phf_codegen v0.11.3
  Downloaded phf v0.11.3
  Downloaded globset v0.4.18
  Downloaded email-encoding v0.4.1
  Downloaded anstyle v1.0.13
  Downloaded tokio-macros v2.6.0
  Downloaded snafu-derive v0.9.0
  Downloaded servo_arc v0.4.3
  Downloaded itoa v1.0.17
  Downloaded smawk v0.3.2
  Downloaded phf_shared v0.11.3
  Downloaded phf_codegen v0.13.1
  Downloaded new_debug_unreachable v1.0.6
  Downloaded markup5ever v0.38.0
  Downloaded intl_pluralrules v7.0.2
  Downloaded intl-memoizer v0.5.3
  Downloaded fluent-template-macros v0.13.3
  Downloaded proc-macro-crate v3.4.0
  Downloaded phf_generator v0.11.3
  Downloaded quoted_printable v0.5.1
  Downloaded precomputed-hash v0.1.1
  Downloaded hostname v0.4.2
  Downloaded globwalk v0.9.1
  Downloaded fluent-langneg v0.13.1
  Downloaded dtoa v1.0.11
  Downloaded cssparser-macros v0.6.1
  Downloaded colorchoice v1.0.4
  Downloaded chrono-tz-build v0.3.0
   Compiling proc-macro2 v1.0.106
   Compiling unicode-ident v1.0.24
   Compiling quote v1.0.44
   Compiling memchr v2.8.0
   Compiling windows-link v0.2.1
   Compiling serde_core v1.0.228
   Compiling cfg-if v1.0.4
   Compiling serde v1.0.228
   Compiling stable_deref_trait v1.2.1
   Compiling regex-syntax v0.8.10
   Compiling getrandom v0.3.4
   Compiling siphasher v1.0.2
   Compiling windows-sys v0.61.2
   Compiling itoa v1.0.17
   Compiling find-msvc-tools v0.1.9
   Compiling aho-corasick v1.1.4
   Compiling jobserver v0.1.34
   Compiling shlex v1.3.0
   Compiling writeable v0.6.2
   Compiling syn v2.0.117
   Compiling litemap v0.8.1
   Compiling cc v1.2.56
   Compiling smallvec v1.15.1
   Compiling icu_properties_data v2.1.2
   Compiling icu_normalizer_data v2.1.1
   Compiling regex-automata v0.4.14
   Compiling futures-core v0.3.32
   Compiling strsim v0.11.1
   Compiling scopeguard v1.2.0
   Compiling lock_api v0.4.14
   Compiling pin-project-lite v0.2.17
   Compiling futures-sink v0.3.32
   Compiling fnv v1.0.7
   Compiling utf8_iter v1.0.4
   Compiling windows_x86_64_msvc v0.53.1
   Compiling log v0.4.29
   Compiling heck v0.5.0
   Compiling percent-encoding v2.3.2
   Compiling libc v0.2.182
   Compiling ident_case v1.0.1
   Compiling futures-io v0.3.32
   Compiling bytes v1.11.1
   Compiling windows-targets v0.53.5
   Compiling thiserror v2.0.18
   Compiling zmij v1.0.21
   Compiling once_cell v1.21.3
   Compiling regex v1.12.3
   Compiling windows-sys v0.60.2
   Compiling spin v0.9.8
   Compiling semver v1.0.27
   Compiling serde_json v1.0.149
   Compiling mio v1.1.1
   Compiling synstructure v0.13.2
   Compiling bitflags v2.11.0
   Compiling rustc_version v0.4.1
   Compiling form_urlencoded v1.2.2
   Compiling socket2 v0.6.2
   Compiling phf_shared v0.13.1
   Compiling phf_shared v0.11.3
   Compiling rustversion v1.0.22
   Compiling rand_core v0.6.4
   Compiling parse-zoneinfo v0.3.1
   Compiling rand v0.8.5
   Compiling fastrand v2.3.0
   Compiling phf_generator v0.13.1
   Compiling futures-channel v0.3.32
   Compiling autocfg v1.5.0
   Compiling pkg-config v0.3.32
   Compiling phf_generator v0.11.3
   Compiling darling_core v0.20.11
   Compiling zerofrom-derive v0.1.6
   Compiling yoke-derive v0.8.1
   Compiling displaydoc v0.2.5
   Compiling zerovec-derive v0.11.2
   Compiling serde_derive v1.0.228
   Compiling thiserror-impl v2.0.18
   Compiling tokio-macros v2.6.0
   Compiling num-traits v0.2.19
   Compiling phf_codegen v0.11.3
   Compiling futures-macro v0.3.32
   Compiling getrandom v0.2.17
   Compiling tokio v1.50.0
   Compiling zerofrom v0.1.6
   Compiling futures-task v0.3.32
   Compiling proc-macro-hack v0.5.20+deprecated
   Compiling yoke v0.8.1
   Compiling once_cell_polyfill v1.70.2
   Compiling unicode-segmentation v1.12.0
   Compiling slab v0.4.12
   Compiling zerovec v0.11.5
   Compiling zerotrie v0.2.3
   Compiling vcpkg v0.2.15
   Compiling anstyle v1.0.13
   Compiling futures-util v0.3.32
   Compiling libz-sys v1.1.24
   Compiling utf8parse v0.2.2
   Compiling darling_macro v0.20.11
   Compiling tinystr v0.8.2
   Compiling potential_utf v0.1.4
   Compiling icu_collections v2.1.1
   Compiling icu_locale_core v2.1.1
   Compiling unic-langid-impl v0.9.6
   Compiling darling v0.20.11
   Compiling anstyle-parse v0.2.7
   Compiling http v1.4.0
   Compiling icu_provider v2.1.1
   Compiling tracing-core v0.1.36
   Compiling is_terminal_polyfill v1.70.2
   Compiling crossbeam-utils v0.8.21
   Compiling zerocopy v0.8.40
   Compiling icu_normalizer v2.1.1
   Compiling icu_properties v2.1.2
   Compiling colorchoice v1.0.4
   Compiling http-body v1.0.1
   Compiling tracing v0.1.44
   Compiling unic-langid-macros-impl v0.9.6
   Compiling derive_builder_core v0.20.2
   Compiling convert_case v0.10.0
   Compiling libgit2-sys v0.18.3+1.9.2
   Compiling idna_adapter v1.2.1
   Compiling async-trait v0.1.89
   Compiling ring v0.17.14
   Compiling idna v1.1.0
   Compiling anyhow v1.0.102
   Compiling url v2.5.8
   Compiling camino v1.2.2
   Compiling httparse v1.10.1
   Compiling unicode-xid v0.2.6
   Compiling derive_builder_macro v0.20.2
   Compiling derive_more-impl v2.1.1
   Compiling vergen-lib v9.1.0
   Compiling phf_codegen v0.13.1
   Compiling try-lock v0.2.5
   Compiling zeroize v1.8.2
   Compiling powerfmt v0.2.0
   Compiling httpdate v1.0.3
   Compiling base64 v0.22.1
   Compiling tower-service v0.3.3
   Compiling equivalent v1.0.2
   Compiling winnow v0.7.14
   Compiling object v0.37.3
   Compiling deranged v0.5.8
   Compiling rustls-pki-types v1.14.0
   Compiling crossbeam-epoch v0.9.18
   Compiling want v0.3.1
   Compiling derive_builder v0.20.2
   Compiling executor-trait v2.1.2
   Compiling vergen v9.1.0
   Compiling snafu-derive v0.8.9
   Compiling heapless v0.7.17
   Compiling flume v0.11.1
   Compiling cargo-platform v0.3.2
   Compiling bstr v1.12.1
   Compiling time-core v0.1.8
   Compiling untrusted v0.9.0
   Compiling clap_lex v1.0.0
   Compiling pin-utils v0.1.0
   Compiling byteorder v1.5.0
   Compiling num-conv v0.2.0
   Compiling atomic-waker v1.1.2
   Compiling parking_lot_core v0.9.12
   Compiling hash32 v0.2.1
   Compiling time v0.3.47
   Compiling hyper v1.8.1
   Compiling phf v0.11.3
   Compiling cargo_metadata v0.23.1
   Compiling crossbeam-deque v0.8.6
   Compiling snafu v0.8.9
   Compiling chrono v0.4.44
   Compiling vergen-git2 v9.1.0
   Compiling phf_macros v0.13.1
   Compiling darling_core v0.21.3
   Compiling ipnet v2.11.0
   Compiling new_debug_unreachable v1.0.6
   Compiling windows_x86_64_msvc v0.52.6
   Compiling rustls v0.23.37
   Compiling rustls-webpki v0.103.9
   Compiling phf v0.13.1
   Compiling hyper-util v0.1.20
   Compiling unic-langid-macros v0.9.6
   Compiling ar_archive_writer v0.5.1
   Compiling reactor-trait v3.1.1
   Compiling anstyle-wincon v3.0.11
   Compiling chrono-tz-build v0.4.1
   Compiling anstyle-query v1.1.5
   Compiling clap_derive v4.5.55
   Compiling string_cache_codegen v0.6.1
   Compiling winapi-util v0.1.11
   Compiling sync_wrapper v1.0.2
   Compiling nom v8.0.0
   Compiling allocator-api2 v0.2.21
   Compiling subtle v2.6.1
   Compiling version_check v0.9.5
   Compiling darling_macro v0.21.3
   Compiling either v1.15.0
   Compiling tower-layer v0.3.3
   Compiling precomputed-hash v0.1.1
   Compiling ucd-trie v0.1.7
   Compiling rustc-hash v2.1.1
   Compiling hashbrown v0.16.1
   Compiling ahash v0.8.12
   Compiling pest v2.8.6
   Compiling darling v0.21.3
   Compiling tower v0.5.3
   Compiling web_atoms v0.2.3
   Compiling psm v0.1.30
   Compiling indexmap v2.13.0
   Compiling same-file v1.0.6
   Compiling chrono-tz-build v0.3.0
   Compiling chrono-tz v0.10.0
   Compiling anstream v0.6.21
   Compiling parking_lot v0.12.5
   Compiling unic-langid v0.9.6
   Compiling derive_more v2.1.1
   Compiling toml_parser v1.0.9+spec-1.1.0
   Compiling http-body-util v0.1.3
   Compiling cobs v0.3.0
   Compiling cookie-factory v0.3.3
   Compiling libm v0.2.16
   Compiling getrandom v0.4.1
   Compiling toml_datetime v0.7.5+spec-1.1.0
   Compiling iri-string v0.7.10
   Compiling amq-protocol-types v8.3.1
   Compiling toml_edit v0.23.10+spec-1.0.0
   Compiling string_cache v0.9.0
   Compiling windows-targets v0.52.6
   Compiling chrono-tz v0.9.0
   Compiling clap_builder v4.5.60
   Compiling tower-http v0.6.8
   Compiling walkdir v2.5.0
   Compiling pest_meta v2.8.6
   Compiling tokio-rustls v0.26.4
   Compiling serde_with_macros v3.17.0
   Compiling reactor-trait v2.8.0
   Compiling globset v0.4.18
   Compiling ppv-lite86 v0.2.21
   Compiling webpki-roots v1.0.6
   Compiling tinystr v0.7.6
   Compiling strum_macros v0.27.2
   Compiling stacker v0.1.23
   Compiling rayon-core v1.13.0
   Compiling writeable v0.5.5
   Compiling dtoa v1.0.11
   Compiling litemap v0.7.5
   Compiling utf-8 v0.7.6
   Compiling dtoa-short v0.3.5
   Compiling tendril v0.5.0
   Compiling icu_locid v1.5.0
   Compiling rand_chacha v0.3.1
   Compiling serde_with v3.17.0
   Compiling postcard v1.1.3
   Compiling clap v4.5.60
   Compiling ignore v0.4.25
   Compiling opentalk-types-common-identifiers v0.33.0
   Compiling pest_generator v2.8.6
   Compiling strum v0.27.2
   Compiling tcp-stream v0.30.9
   Compiling proc-macro-crate v3.4.0
   Compiling windows-sys v0.59.0
   Compiling amq-protocol-uri v8.3.1
   Compiling type-map v0.5.1
   Compiling selectors v0.35.0
   Compiling email_address v0.2.9
   Compiling cssparser-macros v0.6.1
   Compiling snafu-derive v0.9.0
   Compiling quick-xml v0.38.4
   Compiling amq-protocol v8.3.1
   Compiling ryu v1.0.23
   Compiling linked-hash-map v0.5.6
   Compiling foldhash v0.2.0
   Compiling deunicode v1.6.2
   Compiling lru-cache v0.1.2
   Compiling ics-chrono-tz v0.4.0
   Compiling slug v0.1.6
   Compiling phonenumber v0.3.9+9.0.21
   Compiling serde_urlencoded v0.7.1
   Compiling humansize v2.1.3
   Compiling cssparser v0.36.0
   Compiling snafu v0.9.0
   Compiling intl-memoizer v0.5.3
   Compiling uuid v1.21.0
   Compiling opentalk-types-common-macros v0.32.0
   Compiling amq-protocol-tcp v8.3.1
   Compiling markup5ever v0.38.0
   Compiling hashbrown v0.14.5
   Compiling pest_derive v2.8.6
   Compiling globwalk v0.9.1
   Compiling hyper-rustls v0.27.7
   Compiling fluent-langneg v0.13.1
   Compiling intl_pluralrules v7.0.2
   Compiling itertools v0.14.0
   Compiling fluent-syntax v0.12.0
   Compiling serde_spanned v1.0.4
   Compiling servo_arc v0.4.3
   Compiling service-probe-common v0.4.0
   Compiling option-ext v0.2.0
   Compiling lazy_static v1.5.0
   Compiling self_cell v1.2.2
   Compiling oncemutex v0.1.1
   Compiling lapin v3.7.2
   Compiling minimal-lexical v0.2.1
   Compiling regex-syntax v0.6.29
   Compiling fluent-bundle v0.16.0
   Compiling tera v1.20.1
   Compiling toml v0.9.12+spec-1.1.0
   Compiling nom v7.1.3
   Compiling opentalk-types-common v0.42.2
   Compiling dirs-sys v0.5.0
   Compiling regex-cache v0.2.1
   Compiling fluent-template-macros v0.13.3
   Compiling rayon v1.11.0
   Compiling reqwest v0.12.28
   Compiling chumsky v0.9.3
   Compiling html5ever v0.38.0
   Compiling lru v0.16.3
   Compiling backon v1.6.0
   Compiling reqwest v0.13.2
   Compiling email-encoding v0.4.1
   Compiling futures-executor v0.3.32
   Compiling tokio-stream v0.1.18
   Compiling tokio-util v0.7.18
   Compiling env_filter v1.0.0
   Compiling hostname v0.4.2
   Compiling quoted_printable v0.5.1
   Compiling jiff v0.2.22
   Compiling pathdiff v0.2.3
   Compiling ics v0.5.8
   Compiling unicode-linebreak v0.1.5
   Compiling mime v0.3.17
   Compiling smawk v0.3.2
   Compiling unicode-width v0.2.2
   Compiling lettre v0.11.19
   Compiling textwrap v0.16.2
   Compiling config v0.15.19
   Compiling css-inline v0.20.0
   Compiling tokio-reactor-trait v4.1.1
   Compiling service-probe-client v0.4.0
   Compiling env_logger v0.11.9
   Compiling futures v0.3.32
   Compiling fluent-templates v0.13.3
   Compiling opentalk-mail-worker-protocol v0.43.0
   Compiling dirs v6.0.0
   Compiling service-probe v0.4.0
   Compiling fluent-langneg v0.14.2
   Compiling tokio-executor-trait v2.4.0
   Compiling serde_path_to_error v0.1.20
   Compiling git2 v0.20.4
   Compiling opentalk-version v0.4.0
   Compiling opentalk-smtp-mailer v0.17.0 (C:\personal works\ideo-videotool\smtp-mailer)
error[E0277]: the trait bound `tokio_reactor_trait::Tokio: lapin::reactor::FullReactor` is not satisfied
  --> src\rabbitmq.rs:23:31
   |
23 |                 .with_reactor(TokioReactor::current()),
   |                  ------------ ^^^^^^^^^^^^^^^^^^^^^^^ the trait `reactor_trait::Reactor` is not implemented for `tokio_reactor_trait::Tokio`
   |                  |
   |                  required by a bound introduced by this call
   |
   = note: required for `tokio_reactor_trait::Tokio` to implement `lapin::reactor::FullReactor`
note: required by a bound in `ConnectionProperties::with_reactor`
  --> C:\Users\chris\.cargo\registry\src\index.crates.io-1949cf8c6b5b557f\lapin-3.7.2\src\connection_properties.rs:51:28
   |
51 |     pub fn with_reactor<R: FullReactor + Send + Sync + 'static>(mut self, reactor: R) -> Self {
   |                            ^^^^^^^^^^^ required by this bound in `ConnectionProperties::with_reactor`

For more information about this error, try `rustc --explain E0277`.
error: could not compile `opentalk-smtp-mailer` (lib) due to 1 previous error
